homebrew	Set up job	﻿2026-09-10T05:30:01.6109906Z Current runner version: '2.337.0'
homebrew	Set up job	2026-09-10T05:30:01.6138572Z ##[group]Runner Image Provisioner
homebrew	Set up job	2026-09-10T05:30:01.6139806Z Hosted Compute Agent
homebrew	Set up job	2026-09-10T05:30:01.6140830Z Version: 20260828.587
homebrew	Set up job	2026-09-10T05:30:01.6142011Z Commit: abac92662cab4cc7352de4f9f9d2e2419aad9c29
homebrew	Set up job	2026-09-10T05:30:01.6143106Z Build Date: 2026-08-28T16:44:25Z
homebrew	Set up job	2026-09-10T05:30:01.6144225Z Worker ID: {de34e799-6c0e-4aef-bb0a-39f5da059879}
homebrew	Set up job	2026-09-10T05:30:01.6145443Z Azure Region: northcentralus
homebrew	Set up job	2026-09-10T05:30:01.6146651Z ##[endgroup]
homebrew	Set up job	2026-09-10T05:30:01.6148486Z ##[group]Operating System
homebrew	Set up job	2026-09-10T05:30:01.6149623Z Ubuntu
homebrew	Set up job	2026-09-10T05:30:01.6150490Z 24.04.4
homebrew	Set up job	2026-09-10T05:30:01.6151400Z LTS
homebrew	Set up job	2026-09-10T05:30:01.6152413Z ##[endgroup]
homebrew	Set up job	2026-09-10T05:30:01.6153299Z ##[group]Runner Image
homebrew	Set up job	2026-09-10T05:30:01.6154312Z Image: ubuntu-24.04
homebrew	Set up job	2026-09-10T05:30:01.6155361Z Version: 20260831.293.1
homebrew	Set up job	2026-09-10T05:30:01.6157174Z Included Software: https://github.com/actions/runner-images/blob/ubuntu24/20260831.293/images/ubuntu/Ubuntu2404-Readme.md
homebrew	Set up job	2026-09-10T05:30:01.6159490Z Image Release: https://github.com/actions/runner-images/releases/tag/ubuntu24%2F20260831.293
homebrew	Set up job	2026-09-10T05:30:01.6160852Z ##[endgroup]
homebrew	Set up job	2026-09-10T05:30:01.6162546Z ##[group]GITHUB_TOKEN Permissions
homebrew	Set up job	2026-09-10T05:30:01.6165178Z Actions: read
homebrew	Set up job	2026-09-10T05:30:01.6166469Z Metadata: read
homebrew	Set up job	2026-09-10T05:30:01.6167409Z ##[endgroup]
homebrew	Set up job	2026-09-10T05:30:01.6170332Z Secret source: Actions
homebrew	Set up job	2026-09-10T05:30:01.6172564Z Cache mode: write
homebrew	Set up job	2026-09-10T05:30:01.6174296Z Prepare workflow directory
homebrew	Set up job	2026-09-10T05:30:01.6629636Z Prepare all required actions
homebrew	Set up job	2026-09-10T05:30:01.6699046Z Getting action download info
homebrew	Set up job	2026-09-10T05:30:01.9083289Z Download action repository 'actions/create-github-app-token@v1' (SHA:d72941d797fd3113feb6b93fd0dec494b13a2547)
homebrew	Set up job	2026-09-10T05:30:02.2867817Z Download action repository 'actions/download-artifact@v7' (SHA:37930b1c2abaa49bbe596cd826c3c89aef350131)
homebrew	Set up job	2026-09-10T05:30:02.6094321Z Download action repository 'actions/checkout@v6' (SHA:d23441a48e516b6c34aea4fa41551a30e30af803)
homebrew	Set up job	2026-09-10T05:30:02.7625634Z Complete job name: homebrew
homebrew	Generate token	﻿2026-09-10T05:30:02.8645530Z Node 20 is being deprecated. This workflow is running with Node 24 by default. If you need to temporarily use Node 20, you can set the ACTIONS_ALLOW_USE_UNSECURE_NODE_VERSION=true environment variable. For more information see: https://github.blog/changelog/2025-09-19-deprecation-of-node-20-on-github-actions-runners/
homebrew	Generate token	2026-09-10T05:30:02.8655255Z ##[group]Run actions/create-github-app-token@v1
homebrew	Generate token	2026-09-10T05:30:02.8656641Z with:
homebrew	Generate token	2026-09-10T05:30:02.8657503Z   app-id: ***
homebrew	Generate token	2026-09-10T05:30:02.8670852Z   private-key: ***
homebrew	Generate token	2026-09-10T05:30:02.8671639Z   owner: td72
homebrew	Generate token	2026-09-10T05:30:02.8672399Z   repositories: homebrew-tap
homebrew	Generate token	2026-09-10T05:30:02.8673260Z   github-api-url: https://api.github.com
homebrew	Generate token	2026-09-10T05:30:02.8674418Z ##[endgroup]
homebrew	Generate token	2026-09-10T05:30:02.9814584Z owner and repositories set, creating token for repositories "homebrew-tap" owned by "td72"
homebrew	Download artifacts	﻿2026-09-10T05:30:03.5437741Z ##[group]Run actions/download-artifact@v7
homebrew	Download artifacts	2026-09-10T05:30:03.5439746Z with:
homebrew	Download artifacts	2026-09-10T05:30:03.5441212Z   run-id: 34440913700
homebrew	Download artifacts	2026-09-10T05:30:03.5452665Z   github-token: ***
homebrew	Download artifacts	2026-09-10T05:30:03.5454291Z   merge-multiple: true
homebrew	Download artifacts	2026-09-10T05:30:03.5456110Z   repository: td72/vig
homebrew	Download artifacts	2026-09-10T05:30:03.5457722Z ##[endgroup]
homebrew	Download artifacts	2026-09-10T05:30:03.7040533Z Fetching artifact list for workflow run 34440913700 in repository td72/vig
homebrew	Download artifacts	2026-09-10T05:30:03.9665325Z Found 3 artifact(s)
homebrew	Download artifacts	2026-09-10T05:30:03.9671288Z No input name, artifact-ids or pattern filtered specified, downloading all artifacts
homebrew	Download artifacts	2026-09-10T05:30:03.9674736Z Preparing to download the following artifacts:
homebrew	Download artifacts	2026-09-10T05:30:03.9679630Z - vig-x86_64-unknown-linux-gnu (ID: 10137997142, Size: 8482867, Expected Digest: sha256:ab5b725fe7913b9d7fccf0ec1f7ed29b43b6c15733ee9f5581fa5cdca1bf4c72)
homebrew	Download artifacts	2026-09-10T05:30:03.9685559Z - vig-aarch64-apple-darwin (ID: 10137989390, Size: 7666748, Expected Digest: sha256:1cb901bff782a5f8671157cbee1f5a955cef0e9d45dc0c946a9d48ba0a7fcb50)
homebrew	Download artifacts	2026-09-10T05:30:03.9692232Z - vig-aarch64-unknown-linux-gnu (ID: 10137979024, Size: 8549478, Expected Digest: sha256:9319acc7e2fe886d75ad0f7c58639e8ee44268f785f7ae165d2cadc3bc94f760)
homebrew	Download artifacts	2026-09-10T05:30:03.9699471Z Downloading artifact '10137997142' from 'td72/vig'
homebrew	Download artifacts	2026-09-10T05:30:03.9702448Z Downloading artifact '10137989390' from 'td72/vig'
homebrew	Download artifacts	2026-09-10T05:30:03.9720755Z Downloading artifact '10137979024' from 'td72/vig'
homebrew	Download artifacts	2026-09-10T05:30:04.1841360Z Redirecting to blob download url: https://productionresultssa12.blob.core.windows.net/actions-results/bb8dcaa1-d3a9-489d-80af-929414b6884b/workflow-job-run-3a9b57c5-d465-5b48-8d56-5ef9dca90846/artifacts/26fe75a994ed2ceac0ee61c6484cc01fd93f85d963a228b2c9f8f6bc5d78c7e3.zip
homebrew	Download artifacts	2026-09-10T05:30:04.1851370Z Starting download of artifact to: /home/runner/work/vig/vig
homebrew	Download artifacts	2026-09-10T05:30:04.2081385Z Redirecting to blob download url: https://productionresultssa12.blob.core.windows.net/actions-results/bb8dcaa1-d3a9-489d-80af-929414b6884b/workflow-job-run-fed2930c-a9b0-5768-a07e-de7174352568/artifacts/1762b283d0f601eb191915fdfdae9886828280756a28f8ba9cbe015dc39aadcd.zip
homebrew	Download artifacts	2026-09-10T05:30:04.2088891Z Starting download of artifact to: /home/runner/work/vig/vig
homebrew	Download artifacts	2026-09-10T05:30:04.2228889Z Redirecting to blob download url: https://productionresultssa12.blob.core.windows.net/actions-results/bb8dcaa1-d3a9-489d-80af-929414b6884b/workflow-job-run-7f148c32-b289-5526-b850-86230219f5a8/artifacts/1c695ffc2b6749250362cf6d6d28ac2e4c61428e5e82064ab8daed8c6cf6e05c.zip
homebrew	Download artifacts	2026-09-10T05:30:04.2235638Z Starting download of artifact to: /home/runner/work/vig/vig
homebrew	Download artifacts	2026-09-10T05:30:04.3339423Z (node:2149) [DEP0005] DeprecationWarning: Buffer() is deprecated due to security and usability issues. Please use the Buffer.alloc(), Buffer.allocUnsafe(), or Buffer.from() methods instead.
homebrew	Download artifacts	2026-09-10T05:30:04.3344263Z (Use `node --trace-deprecation ...` to show where the warning was created)
homebrew	Download artifacts	2026-09-10T05:30:04.7513250Z SHA256 digest of downloaded artifact is 9319acc7e2fe886d75ad0f7c58639e8ee44268f785f7ae165d2cadc3bc94f760
homebrew	Download artifacts	2026-09-10T05:30:04.7514726Z Artifact download completed successfully.
homebrew	Download artifacts	2026-09-10T05:30:04.7535876Z SHA256 digest of downloaded artifact is ab5b725fe7913b9d7fccf0ec1f7ed29b43b6c15733ee9f5581fa5cdca1bf4c72
homebrew	Download artifacts	2026-09-10T05:30:04.7538234Z Artifact download completed successfully.
homebrew	Download artifacts	2026-09-10T05:30:04.7689414Z SHA256 digest of downloaded artifact is 1cb901bff782a5f8671157cbee1f5a955cef0e9d45dc0c946a9d48ba0a7fcb50
homebrew	Download artifacts	2026-09-10T05:30:04.7690705Z Artifact download completed successfully.
homebrew	Download artifacts	2026-09-10T05:30:04.7691553Z Total of 3 artifact(s) downloaded
homebrew	Download artifacts	2026-09-10T05:30:04.7696390Z Download artifact has finished successfully
homebrew	Checkout homebrew-tap	﻿2026-09-10T05:30:04.7986495Z ##[group]Run actions/checkout@v6
homebrew	Checkout homebrew-tap	2026-09-10T05:30:04.7987031Z with:
homebrew	Checkout homebrew-tap	2026-09-10T05:30:04.7987462Z   repository: td72/homebrew-tap
homebrew	Checkout homebrew-tap	2026-09-10T05:30:04.7990634Z   token: ***
homebrew	Checkout homebrew-tap	2026-09-10T05:30:04.7991068Z   path: homebrew-tap
homebrew	Checkout homebrew-tap	2026-09-10T05:30:04.7991513Z   ssh-strict: true
homebrew	Checkout homebrew-tap	2026-09-10T05:30:04.7991931Z   ssh-user: git
homebrew	Checkout homebrew-tap	2026-09-10T05:30:04.7992350Z   persist-credentials: true
homebrew	Checkout homebrew-tap	2026-09-10T05:30:04.7992791Z   clean: true
homebrew	Checkout homebrew-tap	2026-09-10T05:30:04.7993244Z   sparse-checkout-cone-mode: true
homebrew	Checkout homebrew-tap	2026-09-10T05:30:04.7993712Z   fetch-depth: 1
homebrew	Checkout homebrew-tap	2026-09-10T05:30:04.7994114Z   fetch-tags: false
homebrew	Checkout homebrew-tap	2026-09-10T05:30:04.7994534Z   show-progress: true
homebrew	Checkout homebrew-tap	2026-09-10T05:30:04.7994951Z   lfs: false
homebrew	Checkout homebrew-tap	2026-09-10T05:30:04.7995357Z   submodules: false
homebrew	Checkout homebrew-tap	2026-09-10T05:30:04.7995773Z   set-safe-directory: true
homebrew	Checkout homebrew-tap	2026-09-10T05:30:04.7996462Z   allow-unsafe-pr-checkout: false
homebrew	Checkout homebrew-tap	2026-09-10T05:30:04.7996944Z ##[endgroup]
homebrew	Checkout homebrew-tap	2026-09-10T05:30:04.8998073Z Syncing repository: td72/homebrew-tap
homebrew	Checkout homebrew-tap	2026-09-10T05:30:04.9000543Z ##[group]Getting Git version info
homebrew	Checkout homebrew-tap	2026-09-10T05:30:04.9001721Z Working directory is '/home/runner/work/vig/vig/homebrew-tap'
homebrew	Checkout homebrew-tap	2026-09-10T05:30:04.9003114Z [command]/usr/bin/git version
homebrew	Checkout homebrew-tap	2026-09-10T05:30:04.9022649Z git version 2.55.0
homebrew	Checkout homebrew-tap	2026-09-10T05:30:04.9078150Z ##[endgroup]
homebrew	Checkout homebrew-tap	2026-09-10T05:30:04.9101915Z Temporarily overriding HOME='/home/runner/work/_temp/1f546600-08aa-4ada-93ac-782eea5b5367' before making global git config changes
homebrew	Checkout homebrew-tap	2026-09-10T05:30:04.9104649Z Adding repository directory to the temporary git global config as a safe directory
homebrew	Checkout homebrew-tap	2026-09-10T05:30:04.9107159Z [command]/usr/bin/git config --global --add safe.directory /home/runner/work/vig/vig/homebrew-tap
homebrew	Checkout homebrew-tap	2026-09-10T05:30:04.9178323Z ##[group]Determining repository object format
homebrew	Checkout homebrew-tap	2026-09-10T05:30:05.1496114Z ##[endgroup]
homebrew	Checkout homebrew-tap	2026-09-10T05:30:05.1497414Z ##[group]Initializing the repository
homebrew	Checkout homebrew-tap	2026-09-10T05:30:05.1499532Z [command]/usr/bin/git init /home/runner/work/vig/vig/homebrew-tap
homebrew	Checkout homebrew-tap	2026-09-10T05:30:05.1614775Z hint: Using 'master' as the name for the initial branch. This default branch name
homebrew	Checkout homebrew-tap	2026-09-10T05:30:05.1616760Z hint: will change to "main" in Git 3.0. To configure the initial branch name
homebrew	Checkout homebrew-tap	2026-09-10T05:30:05.1618297Z hint: to use in all of your new repositories, which will suppress this warning,
homebrew	Checkout homebrew-tap	2026-09-10T05:30:05.1619488Z hint: call:
homebrew	Checkout homebrew-tap	2026-09-10T05:30:05.1620300Z hint:
homebrew	Checkout homebrew-tap	2026-09-10T05:30:05.1621253Z hint: 	git config --global init.defaultBranch <name>
homebrew	Checkout homebrew-tap	2026-09-10T05:30:05.1622272Z hint:
homebrew	Checkout homebrew-tap	2026-09-10T05:30:05.1623275Z hint: Names commonly chosen instead of 'master' are 'main', 'trunk' and
homebrew	Checkout homebrew-tap	2026-09-10T05:30:05.1624709Z hint: 'development'. The just-created branch can be renamed via this command:
homebrew	Checkout homebrew-tap	2026-09-10T05:30:05.1625866Z hint:
homebrew	Checkout homebrew-tap	2026-09-10T05:30:05.1626869Z hint: 	git branch -m <name>
homebrew	Checkout homebrew-tap	2026-09-10T05:30:05.1627905Z hint:
homebrew	Checkout homebrew-tap	2026-09-10T05:30:05.1628891Z hint: Disable this message with "git config set advice.defaultBranchName false"
homebrew	Checkout homebrew-tap	2026-09-10T05:30:05.1630170Z Initialized empty Git repository in /home/runner/work/vig/vig/homebrew-tap/.git/
homebrew	Checkout homebrew-tap	2026-09-10T05:30:05.1632634Z [command]/usr/bin/git remote add origin https://github.com/td72/homebrew-tap
homebrew	Checkout homebrew-tap	2026-09-10T05:30:05.1692956Z ##[endgroup]
homebrew	Checkout homebrew-tap	2026-09-10T05:30:05.1694119Z ##[group]Disabling automatic garbage collection
homebrew	Checkout homebrew-tap	2026-09-10T05:30:05.1699568Z [command]/usr/bin/git config --local gc.auto 0
homebrew	Checkout homebrew-tap	2026-09-10T05:30:05.1743940Z ##[endgroup]
homebrew	Checkout homebrew-tap	2026-09-10T05:30:05.1744949Z ##[group]Setting up auth
homebrew	Checkout homebrew-tap	2026-09-10T05:30:05.1745627Z Removing SSH command configuration
homebrew	Checkout homebrew-tap	2026-09-10T05:30:05.1753454Z [command]/usr/bin/git config --local --name-only --get-regexp core\.sshCommand
homebrew	Checkout homebrew-tap	2026-09-10T05:30:05.1804702Z [command]/usr/bin/git submodule foreach --recursive sh -c "git config --local --name-only --get-regexp 'core\.sshCommand' && git config --local --unset-all 'core.sshCommand' || :"
homebrew	Checkout homebrew-tap	2026-09-10T05:30:05.2192862Z Removing HTTP extra header
homebrew	Checkout homebrew-tap	2026-09-10T05:30:05.2202288Z [command]/usr/bin/git config --local --name-only --get-regexp http\.https\:\/\/github\.com\/\.extraheader
homebrew	Checkout homebrew-tap	2026-09-10T05:30:05.2267127Z [command]/usr/bin/git submodule foreach --recursive sh -c "git config --local --name-only --get-regexp 'http\.https\:\/\/github\.com\/\.extraheader' && git config --local --unset-all 'http.https://github.com/.extraheader' || :"
homebrew	Checkout homebrew-tap	2026-09-10T05:30:05.2490152Z Removing includeIf entries pointing to credentials config files
homebrew	Checkout homebrew-tap	2026-09-10T05:30:05.2498641Z [command]/usr/bin/git config --local --name-only --get-regexp ^includeIf\.gitdir:
homebrew	Checkout homebrew-tap	2026-09-10T05:30:05.2541537Z [command]/usr/bin/git submodule foreach --recursive git config --local --show-origin --name-only --get-regexp remote.origin.url
homebrew	Checkout homebrew-tap	2026-09-10T05:30:05.2793937Z [command]/usr/bin/git config --file /home/runner/work/_temp/git-credentials-f7685af0-af46-4904-91bc-0a6bb5b4ff5e.config http.https://github.com/.extraheader AUTHORIZATION: basic ***
homebrew	Checkout homebrew-tap	2026-09-10T05:30:05.2850269Z [command]/usr/bin/git config --local includeIf.gitdir:/home/runner/work/vig/vig/homebrew-tap/.git.path /home/runner/work/_temp/git-credentials-f7685af0-af46-4904-91bc-0a6bb5b4ff5e.config
homebrew	Checkout homebrew-tap	2026-09-10T05:30:05.2890609Z [command]/usr/bin/git config --local includeIf.gitdir:/home/runner/work/vig/vig/homebrew-tap/.git/worktrees/*.path /home/runner/work/_temp/git-credentials-f7685af0-af46-4904-91bc-0a6bb5b4ff5e.config
homebrew	Checkout homebrew-tap	2026-09-10T05:30:05.2932678Z [command]/usr/bin/git config --local includeIf.gitdir:/github/workspace/homebrew-tap/.git.path /github/runner_temp/git-credentials-f7685af0-af46-4904-91bc-0a6bb5b4ff5e.config
homebrew	Checkout homebrew-tap	2026-09-10T05:30:05.2971989Z [command]/usr/bin/git config --local includeIf.gitdir:/github/workspace/homebrew-tap/.git/worktrees/*.path /github/runner_temp/git-credentials-f7685af0-af46-4904-91bc-0a6bb5b4ff5e.config
homebrew	Checkout homebrew-tap	2026-09-10T05:30:05.3006398Z ##[endgroup]
homebrew	Checkout homebrew-tap	2026-09-10T05:30:05.3007192Z ##[group]Determining the default branch
homebrew	Checkout homebrew-tap	2026-09-10T05:30:05.3009784Z Retrieving the default branch name
homebrew	Checkout homebrew-tap	2026-09-10T05:30:05.4987925Z Default branch 'main'
homebrew	Checkout homebrew-tap	2026-09-10T05:30:05.4989476Z ##[endgroup]
homebrew	Checkout homebrew-tap	2026-09-10T05:30:05.4990477Z ##[group]Fetching the repository
homebrew	Checkout homebrew-tap	2026-09-10T05:30:05.4996322Z [command]/usr/bin/git -c protocol.version=2 fetch --no-tags --prune --no-recurse-submodules --depth=1 origin +refs/heads/main:refs/remotes/origin/main
homebrew	Checkout homebrew-tap	2026-09-10T05:30:05.9654379Z From https://github.com/td72/homebrew-tap
homebrew	Checkout homebrew-tap	2026-09-10T05:30:05.9655454Z  * [new branch]      main       -> origin/main
homebrew	Checkout homebrew-tap	2026-09-10T05:30:05.9672474Z ##[endgroup]
homebrew	Checkout homebrew-tap	2026-09-10T05:30:05.9673327Z ##[group]Determining the checkout info
homebrew	Checkout homebrew-tap	2026-09-10T05:30:05.9674235Z ##[endgroup]
homebrew	Checkout homebrew-tap	2026-09-10T05:30:05.9686782Z [command]/usr/bin/git sparse-checkout disable
homebrew	Checkout homebrew-tap	2026-09-10T05:30:05.9739405Z [command]/usr/bin/git config --local --unset-all extensions.worktreeConfig
homebrew	Checkout homebrew-tap	2026-09-10T05:30:05.9781943Z ##[group]Checking out the ref
homebrew	Checkout homebrew-tap	2026-09-10T05:30:05.9787758Z [command]/usr/bin/git checkout --progress --force -B main refs/remotes/origin/main
homebrew	Checkout homebrew-tap	2026-09-10T05:30:05.9857127Z Switched to a new branch 'main'
homebrew	Checkout homebrew-tap	2026-09-10T05:30:05.9863993Z branch 'main' set up to track 'origin/main'.
homebrew	Checkout homebrew-tap	2026-09-10T05:30:05.9894348Z ##[endgroup]
homebrew	Checkout homebrew-tap	2026-09-10T05:30:05.9941602Z [command]/usr/bin/git log -1 --format=%H
homebrew	Checkout homebrew-tap	2026-09-10T05:30:05.9977753Z 952328a20c5ad6dc70cd7d4b33be5d0380228d32
homebrew	Update Homebrew formula	﻿2026-09-10T05:30:06.0173005Z ##[group]Run VERSION="v0.15.0"
homebrew	Update Homebrew formula	2026-09-10T05:30:06.0173548Z ^[[36;1mVERSION="v0.15.0"^[[0m
homebrew	Update Homebrew formula	2026-09-10T05:30:06.0173926Z ^[[36;1mVERSION="${VERSION#v}"^[[0m
homebrew	Update Homebrew formula	2026-09-10T05:30:06.0174471Z ^[[36;1mSHA_LINUX_X86=$(cut -d ' ' -f 1 vig-x86_64-unknown-linux-gnu.tar.gz.sha256)^[[0m
homebrew	Update Homebrew formula	2026-09-10T05:30:06.0175176Z ^[[36;1mSHA_LINUX_ARM=$(cut -d ' ' -f 1 vig-aarch64-unknown-linux-gnu.tar.gz.sha256)^[[0m
homebrew	Update Homebrew formula	2026-09-10T05:30:06.0175822Z ^[[36;1mSHA_MACOS_ARM=$(cut -d ' ' -f 1 vig-aarch64-apple-darwin.tar.gz.sha256)^[[0m
homebrew	Update Homebrew formula	2026-09-10T05:30:06.0176514Z ^[[36;1m^[[0m
homebrew	Update Homebrew formula	2026-09-10T05:30:06.0176909Z ^[[36;1mcat > homebrew-tap/Formula/vig.rb <<FORMULA^[[0m
homebrew	Update Homebrew formula	2026-09-10T05:30:06.0177338Z ^[[36;1mclass Vig < Formula^[[0m
homebrew	Update Homebrew formula	2026-09-10T05:30:06.0178038Z ^[[36;1m  desc "Read-only TUI cockpit for busy repositories - git, GitHub PRs/CI/projects, containers and processes at a glance"^[[0m
homebrew	Update Homebrew formula	2026-09-10T05:30:06.0178782Z ^[[36;1m  homepage "https://github.com/td72/vig"^[[0m
homebrew	Update Homebrew formula	2026-09-10T05:30:06.0179223Z ^[[36;1m  license "MIT"^[[0m
homebrew	Update Homebrew formula	2026-09-10T05:30:06.0179575Z ^[[36;1m  version "${VERSION}"^[[0m
homebrew	Update Homebrew formula	2026-09-10T05:30:06.0179984Z ^[[36;1m^[[0m
homebrew	Update Homebrew formula	2026-09-10T05:30:06.0180304Z ^[[36;1m  on_macos do^[[0m
homebrew	Update Homebrew formula	2026-09-10T05:30:06.0180663Z ^[[36;1m    on_arm do^[[0m
homebrew	Update Homebrew formula	2026-09-10T05:30:06.0181275Z ^[[36;1m      url "https://github.com/td72/vig/releases/download/v#{version}/vig-aarch64-apple-darwin.tar.gz"^[[0m
homebrew	Update Homebrew formula	2026-09-10T05:30:06.0181950Z ^[[36;1m      sha256 "${SHA_MACOS_ARM}"^[[0m
homebrew	Update Homebrew formula	2026-09-10T05:30:06.0182345Z ^[[36;1m    end^[[0m
homebrew	Update Homebrew formula	2026-09-10T05:30:06.0182661Z ^[[36;1m  end^[[0m
homebrew	Update Homebrew formula	2026-09-10T05:30:06.0182962Z ^[[36;1m^[[0m
homebrew	Update Homebrew formula	2026-09-10T05:30:06.0183264Z ^[[36;1m  on_linux do^[[0m
homebrew	Update Homebrew formula	2026-09-10T05:30:06.0183593Z ^[[36;1m    on_arm do^[[0m
homebrew	Update Homebrew formula	2026-09-10T05:30:06.0184176Z ^[[36;1m      url "https://github.com/td72/vig/releases/download/v#{version}/vig-aarch64-unknown-linux-gnu.tar.gz"^[[0m
homebrew	Update Homebrew formula	2026-09-10T05:30:06.0184802Z ^[[36;1m      sha256 "${SHA_LINUX_ARM}"^[[0m
homebrew	Update Homebrew formula	2026-09-10T05:30:06.0185197Z ^[[36;1m    end^[[0m
homebrew	Update Homebrew formula	2026-09-10T05:30:06.0185520Z ^[[36;1m    on_intel do^[[0m
homebrew	Update Homebrew formula	2026-09-10T05:30:06.0186278Z ^[[36;1m      url "https://github.com/td72/vig/releases/download/v#{version}/vig-x86_64-unknown-linux-gnu.tar.gz"^[[0m
homebrew	Update Homebrew formula	2026-09-10T05:30:06.0186928Z ^[[36;1m      sha256 "${SHA_LINUX_X86}"^[[0m
homebrew	Update Homebrew formula	2026-09-10T05:30:06.0187313Z ^[[36;1m    end^[[0m
homebrew	Update Homebrew formula	2026-09-10T05:30:06.0187625Z ^[[36;1m  end^[[0m
homebrew	Update Homebrew formula	2026-09-10T05:30:06.0187933Z ^[[36;1m^[[0m
homebrew	Update Homebrew formula	2026-09-10T05:30:06.0188233Z ^[[36;1m  def install^[[0m
homebrew	Update Homebrew formula	2026-09-10T05:30:06.0188575Z ^[[36;1m    bin.install "vig"^[[0m
homebrew	Update Homebrew formula	2026-09-10T05:30:06.0188936Z ^[[36;1m  end^[[0m
homebrew	Update Homebrew formula	2026-09-10T05:30:06.0189448Z ^[[36;1m^[[0m
homebrew	Update Homebrew formula	2026-09-10T05:30:06.0189743Z ^[[36;1m  test do^[[0m
homebrew	Update Homebrew formula	2026-09-10T05:30:06.0190182Z ^[[36;1m    assert_match version.to_s, shell_output("#{bin}/vig --version")^[[0m
homebrew	Update Homebrew formula	2026-09-10T05:30:06.0190673Z ^[[36;1m  end^[[0m
homebrew	Update Homebrew formula	2026-09-10T05:30:06.0190968Z ^[[36;1mend^[[0m
homebrew	Update Homebrew formula	2026-09-10T05:30:06.0191324Z ^[[36;1mFORMULA^[[0m
homebrew	Update Homebrew formula	2026-09-10T05:30:06.0237772Z shell: /usr/bin/bash --noprofile --norc -e -o pipefail {0}
homebrew	Update Homebrew formula	2026-09-10T05:30:06.0238302Z ##[endgroup]
homebrew	Push formula update	﻿2026-09-10T05:30:06.0417641Z ##[group]Run cd homebrew-tap
homebrew	Push formula update	2026-09-10T05:30:06.0418130Z ^[[36;1mcd homebrew-tap^[[0m
homebrew	Push formula update	2026-09-10T05:30:06.0418910Z ^[[36;1mgit config user.name "github-actions[bot]"^[[0m
homebrew	Push formula update	2026-09-10T05:30:06.0419723Z ^[[36;1mgit config user.email "github-actions[bot]@users.noreply.github.com"^[[0m
homebrew	Push formula update	2026-09-10T05:30:06.0420602Z ^[[36;1mgit add Formula/vig.rb^[[0m
homebrew	Push formula update	2026-09-10T05:30:06.0421350Z ^[[36;1mif ! git diff --cached --quiet; then^[[0m
homebrew	Push formula update	2026-09-10T05:30:06.0422051Z ^[[36;1m  git commit -m "vig v${VERSION}"^[[0m
homebrew	Push formula update	2026-09-10T05:30:06.0438504Z ^[[36;1m  git push^[[0m
homebrew	Push formula update	2026-09-10T05:30:06.0439061Z ^[[36;1mfi^[[0m
homebrew	Push formula update	2026-09-10T05:30:06.0480273Z shell: /usr/bin/bash -e {0}
homebrew	Push formula update	2026-09-10T05:30:06.0480733Z ##[endgroup]
homebrew	Push formula update	2026-09-10T05:30:06.0656512Z [main 485778c] vig v
homebrew	Push formula update	2026-09-10T05:30:06.0657290Z  1 file changed, 4 insertions(+), 4 deletions(-)
homebrew	Push formula update	2026-09-10T05:30:07.1935496Z To https://github.com/td72/homebrew-tap
homebrew	Push formula update	2026-09-10T05:30:07.1936455Z    952328a..485778c  main -> main
homebrew	Post Checkout homebrew-tap	﻿2026-09-10T05:30:07.2081153Z Post job cleanup.
homebrew	Post Checkout homebrew-tap	2026-09-10T05:30:07.2948105Z [command]/usr/bin/git version
homebrew	Post Checkout homebrew-tap	2026-09-10T05:30:07.2991063Z git version 2.55.0
homebrew	Post Checkout homebrew-tap	2026-09-10T05:30:07.3029704Z Temporarily overriding HOME='/home/runner/work/_temp/71a02165-43f7-45d6-98a0-70cae9eddca8' before making global git config changes
homebrew	Post Checkout homebrew-tap	2026-09-10T05:30:07.3031261Z Adding repository directory to the temporary git global config as a safe directory
homebrew	Post Checkout homebrew-tap	2026-09-10T05:30:07.3037475Z [command]/usr/bin/git config --global --add safe.directory /home/runner/work/vig/vig/homebrew-tap
homebrew	Post Checkout homebrew-tap	2026-09-10T05:30:07.3073605Z Removing SSH command configuration
homebrew	Post Checkout homebrew-tap	2026-09-10T05:30:07.3080621Z [command]/usr/bin/git config --local --name-only --get-regexp core\.sshCommand
homebrew	Post Checkout homebrew-tap	2026-09-10T05:30:07.3120680Z [command]/usr/bin/git submodule foreach --recursive sh -c "git config --local --name-only --get-regexp 'core\.sshCommand' && git config --local --unset-all 'core.sshCommand' || :"
homebrew	Post Checkout homebrew-tap	2026-09-10T05:30:07.3382223Z Removing HTTP extra header
homebrew	Post Checkout homebrew-tap	2026-09-10T05:30:07.3389286Z [command]/usr/bin/git config --local --name-only --get-regexp http\.https\:\/\/github\.com\/\.extraheader
homebrew	Post Checkout homebrew-tap	2026-09-10T05:30:07.3428286Z [command]/usr/bin/git submodule foreach --recursive sh -c "git config --local --name-only --get-regexp 'http\.https\:\/\/github\.com\/\.extraheader' && git config --local --unset-all 'http.https://github.com/.extraheader' || :"
homebrew	Post Checkout homebrew-tap	2026-09-10T05:30:07.3687635Z Removing includeIf entries pointing to credentials config files
homebrew	Post Checkout homebrew-tap	2026-09-10T05:30:07.3696812Z [command]/usr/bin/git config --local --name-only --get-regexp ^includeIf\.gitdir:
homebrew	Post Checkout homebrew-tap	2026-09-10T05:30:07.3730810Z includeif.gitdir:/home/runner/work/vig/vig/homebrew-tap/.git.path
homebrew	Post Checkout homebrew-tap	2026-09-10T05:30:07.3731972Z includeif.gitdir:/home/runner/work/vig/vig/homebrew-tap/.git/worktrees/*.path
homebrew	Post Checkout homebrew-tap	2026-09-10T05:30:07.3732957Z includeif.gitdir:/github/workspace/homebrew-tap/.git.path
homebrew	Post Checkout homebrew-tap	2026-09-10T05:30:07.3733873Z includeif.gitdir:/github/workspace/homebrew-tap/.git/worktrees/*.path
homebrew	Post Checkout homebrew-tap	2026-09-10T05:30:07.3747926Z [command]/usr/bin/git config --local --get-all includeif.gitdir:/home/runner/work/vig/vig/homebrew-tap/.git.path
homebrew	Post Checkout homebrew-tap	2026-09-10T05:30:07.3777289Z /home/runner/work/_temp/git-credentials-f7685af0-af46-4904-91bc-0a6bb5b4ff5e.config
homebrew	Post Checkout homebrew-tap	2026-09-10T05:30:07.3817705Z [command]/usr/bin/git config --local --unset includeif.gitdir:/home/runner/work/vig/vig/homebrew-tap/.git.path /home/runner/work/_temp/git-credentials-f7685af0-af46-4904-91bc-0a6bb5b4ff5e.config
homebrew	Post Checkout homebrew-tap	2026-09-10T05:30:07.3834029Z [command]/usr/bin/git config --local --get-all includeif.gitdir:/home/runner/work/vig/vig/homebrew-tap/.git/worktrees/*.path
homebrew	Post Checkout homebrew-tap	2026-09-10T05:30:07.3863127Z /home/runner/work/_temp/git-credentials-f7685af0-af46-4904-91bc-0a6bb5b4ff5e.config
homebrew	Post Checkout homebrew-tap	2026-09-10T05:30:07.3878225Z [command]/usr/bin/git config --local --unset includeif.gitdir:/home/runner/work/vig/vig/homebrew-tap/.git/worktrees/*.path /home/runner/work/_temp/git-credentials-f7685af0-af46-4904-91bc-0a6bb5b4ff5e.config
homebrew	Post Checkout homebrew-tap	2026-09-10T05:30:07.3920474Z [command]/usr/bin/git config --local --get-all includeif.gitdir:/github/workspace/homebrew-tap/.git.path
homebrew	Post Checkout homebrew-tap	2026-09-10T05:30:07.3951326Z /github/runner_temp/git-credentials-f7685af0-af46-4904-91bc-0a6bb5b4ff5e.config
homebrew	Post Checkout homebrew-tap	2026-09-10T05:30:07.3960589Z [command]/usr/bin/git config --local --unset includeif.gitdir:/github/workspace/homebrew-tap/.git.path /github/runner_temp/git-credentials-f7685af0-af46-4904-91bc-0a6bb5b4ff5e.config
homebrew	Post Checkout homebrew-tap	2026-09-10T05:30:07.4003486Z [command]/usr/bin/git config --local --get-all includeif.gitdir:/github/workspace/homebrew-tap/.git/worktrees/*.path
homebrew	Post Checkout homebrew-tap	2026-09-10T05:30:07.4033083Z /github/runner_temp/git-credentials-f7685af0-af46-4904-91bc-0a6bb5b4ff5e.config
homebrew	Post Checkout homebrew-tap	2026-09-10T05:30:07.4042699Z [command]/usr/bin/git config --local --unset includeif.gitdir:/github/workspace/homebrew-tap/.git/worktrees/*.path /github/runner_temp/git-credentials-f7685af0-af46-4904-91bc-0a6bb5b4ff5e.config
homebrew	Post Checkout homebrew-tap	2026-09-10T05:30:07.4090671Z [command]/usr/bin/git submodule foreach --recursive git config --local --show-origin --name-only --get-regexp remote.origin.url
homebrew	Post Checkout homebrew-tap	2026-09-10T05:30:07.4331869Z Removing credentials config '/home/runner/work/_temp/git-credentials-f7685af0-af46-4904-91bc-0a6bb5b4ff5e.config'
homebrew	Post Generate token	﻿2026-09-10T05:30:07.4573448Z Node 20 is being deprecated. This workflow is running with Node 24 by default. If you need to temporarily use Node 20, you can set the ACTIONS_ALLOW_USE_UNSECURE_NODE_VERSION=true environment variable. For more information see: https://github.blog/changelog/2025-09-19-deprecation-of-node-20-on-github-actions-runners/
homebrew	Post Generate token	2026-09-10T05:30:07.4575766Z Post job cleanup.
homebrew	Post Generate token	2026-09-10T05:30:07.8011972Z Token revoked
homebrew	Complete job	﻿2026-09-10T05:30:07.8432892Z Cleaning up orphan processes
homebrew	Complete job	2026-09-10T05:30:07.8734436Z ##[warning]Node.js 20 is deprecated. The following actions target Node.js 20 but are being forced to run on Node.js 24: actions/create-github-app-token@v1. For more information see: https://github.blog/changelog/2025-09-19-deprecation-of-node-20-on-github-actions-runners/
