deploy	Set up job	﻿2026-09-09T08:11:37.4347697Z Current runner version: '2.337.0'
deploy	Set up job	2026-09-09T08:11:37.4374539Z ##[group]Runner Image Provisioner
deploy	Set up job	2026-09-09T08:11:37.4375417Z Hosted Compute Agent
deploy	Set up job	2026-09-09T08:11:37.4376142Z Version: 20260828.587
deploy	Set up job	2026-09-09T08:11:37.4376934Z Commit: abac92662cab4cc7352de4f9f9d2e2419aad9c29
deploy	Set up job	2026-09-09T08:11:37.4377733Z Build Date: 2026-08-28T16:44:25Z
deploy	Set up job	2026-09-09T08:11:37.4378571Z Worker ID: {a5f6c2c5-39d2-4b9a-94dd-5920425449ee}
deploy	Set up job	2026-09-09T08:11:37.4379391Z Azure Region: northcentralus
deploy	Set up job	2026-09-09T08:11:37.4380053Z ##[endgroup]
deploy	Set up job	2026-09-09T08:11:37.4382005Z ##[group]Operating System
deploy	Set up job	2026-09-09T08:11:37.4382740Z Ubuntu
deploy	Set up job	2026-09-09T08:11:37.4383783Z 24.04.4
deploy	Set up job	2026-09-09T08:11:37.4384392Z LTS
deploy	Set up job	2026-09-09T08:11:37.4384985Z ##[endgroup]
deploy	Set up job	2026-09-09T08:11:37.4385667Z ##[group]Runner Image
deploy	Set up job	2026-09-09T08:11:37.4386330Z Image: ubuntu-24.04
deploy	Set up job	2026-09-09T08:11:37.4386933Z Version: 20260831.293.1
deploy	Set up job	2026-09-09T08:11:37.4388284Z Included Software: https://github.com/actions/runner-images/blob/ubuntu24/20260831.293/images/ubuntu/Ubuntu2404-Readme.md
deploy	Set up job	2026-09-09T08:11:37.4390317Z Image Release: https://github.com/actions/runner-images/releases/tag/ubuntu24%2F20260831.293
deploy	Set up job	2026-09-09T08:11:37.4391758Z ##[endgroup]
deploy	Set up job	2026-09-09T08:11:37.4393216Z ##[group]GITHUB_TOKEN Permissions
deploy	Set up job	2026-09-09T08:11:37.4395415Z Contents: read
deploy	Set up job	2026-09-09T08:11:37.4396198Z Metadata: read
deploy	Set up job	2026-09-09T08:11:37.4396851Z Pages: write
deploy	Set up job	2026-09-09T08:11:37.4397483Z ##[endgroup]
deploy	Set up job	2026-09-09T08:11:37.4399593Z Secret source: Actions
deploy	Set up job	2026-09-09T08:11:37.4401339Z Prepare workflow directory
deploy	Set up job	2026-09-09T08:11:37.4930371Z Prepare all required actions
deploy	Set up job	2026-09-09T08:11:37.5001845Z Getting action download info
deploy	Set up job	2026-09-09T08:11:37.7770348Z Download action repository 'actions/deploy-pages@v4' (SHA:d6db90164ac5ed86f2b6aed7e0febac5b3c0c03e)
deploy	Set up job	2026-09-09T08:11:38.3288753Z Complete job name: deploy
deploy	Run actions/deploy-pages@v4	﻿2026-09-09T08:11:38.4103727Z Node 20 is being deprecated. This workflow is running with Node 24 by default. If you need to temporarily use Node 20, you can set the ACTIONS_ALLOW_USE_UNSECURE_NODE_VERSION=true environment variable. For more information see: https://github.blog/changelog/2025-09-19-deprecation-of-node-20-on-github-actions-runners/
deploy	Run actions/deploy-pages@v4	2026-09-09T08:11:38.4113089Z ##[group]Run actions/deploy-pages@v4
deploy	Run actions/deploy-pages@v4	2026-09-09T08:11:38.4113901Z with:
deploy	Run actions/deploy-pages@v4	2026-09-09T08:11:38.4117842Z   token: ***
deploy	Run actions/deploy-pages@v4	2026-09-09T08:11:38.4118305Z   timeout: 600000
deploy	Run actions/deploy-pages@v4	2026-09-09T08:11:38.4118765Z   error_count: 10
deploy	Run actions/deploy-pages@v4	2026-09-09T08:11:38.4119226Z   reporting_interval: 5000
deploy	Run actions/deploy-pages@v4	2026-09-09T08:11:38.4119759Z   artifact_name: github-pages
deploy	Run actions/deploy-pages@v4	2026-09-09T08:11:38.4120288Z   preview: false
deploy	Run actions/deploy-pages@v4	2026-09-09T08:11:38.4121507Z env:
deploy	Run actions/deploy-pages@v4	2026-09-09T08:11:38.4122048Z   MDBOOK_VERSION: 0.5.4
deploy	Run actions/deploy-pages@v4	2026-09-09T08:11:38.4122814Z   MDBOOK_SHA256: 3f28de05dafca9d0f2eab99c662116b0e37b89b1d96a08f8f430b9eeae958cd7
deploy	Run actions/deploy-pages@v4	2026-09-09T08:11:38.4123636Z ##[endgroup]
deploy	Run actions/deploy-pages@v4	2026-09-09T08:11:38.6059975Z (node:2115) [DEP0040] DeprecationWarning: The `punycode` module is deprecated. Please use a userland alternative instead.
deploy	Run actions/deploy-pages@v4	2026-09-09T08:11:38.6063236Z (Use `node --trace-deprecation ...` to show where the warning was created)
deploy	Run actions/deploy-pages@v4	2026-09-09T08:11:38.7248035Z Fetching artifact metadata for "github-pages" in this workflow run
deploy	Run actions/deploy-pages@v4	2026-09-09T08:11:38.8539840Z Found 1 artifact(s)
deploy	Run actions/deploy-pages@v4	2026-09-09T08:11:38.8555692Z Creating Pages deployment with payload:
deploy	Run actions/deploy-pages@v4	2026-09-09T08:11:38.8556843Z {
deploy	Run actions/deploy-pages@v4	2026-09-09T08:11:38.8557699Z 	"artifact_id": 10094445881,
deploy	Run actions/deploy-pages@v4	2026-09-09T08:11:38.8558962Z 	"pages_build_version": "c2562a1eb56bd4aef0f6d8b30c9cecafb407f03f",
deploy	Run actions/deploy-pages@v4	2026-09-09T08:11:38.8641018Z 	"oidc_token": "***"
deploy	Run actions/deploy-pages@v4	2026-09-09T08:11:38.8641995Z }
deploy	Run actions/deploy-pages@v4	2026-09-09T08:11:39.1386643Z Created deployment for c2562a1eb56bd4aef0f6d8b30c9cecafb407f03f, ID: c2562a1eb56bd4aef0f6d8b30c9cecafb407f03f
deploy	Run actions/deploy-pages@v4	2026-09-09T08:11:44.1396768Z Getting Pages deployment status...
deploy	Run actions/deploy-pages@v4	2026-09-09T08:11:44.2899313Z Reported success!
deploy	Complete job	﻿2026-09-09T08:11:44.3185977Z Evaluate and set environment url
deploy	Complete job	2026-09-09T08:11:44.3190109Z Evaluated environment url: https://td72.github.io/vig/
deploy	Complete job	2026-09-09T08:11:44.3191776Z Cleaning up orphan processes
deploy	Complete job	2026-09-09T08:11:44.3498797Z ##[warning]Node.js 20 is deprecated. The following actions target Node.js 20 but are being forced to run on Node.js 24: actions/deploy-pages@v4. For more information see: https://github.blog/changelog/2025-09-19-deprecation-of-node-20-on-github-actions-runners/
